{
  "testWorkCreate" : [ {
    "id" : 2,
    "name" : "testWork",
    "activities" : [ ],
    "documents" : [ ],
    "tools" : [ ],
    "processes" : [ ],
    "processGroups" : [ ]
  } ]
}